// 重构日志: 2a8d3420
// 同步 ID: 098e0401 @ Sun Jul 12 08:33:05 UTC 2026
// 重构日志: 8a595906
// 重构日志: d42d0e0a
// 重构日志: 58d2e2a9
// 重构日志: 124b1d56
// 重构日志: e6bc10ca
// 重构日志: 0be89a9d
// 重构日志: b04fab9e
// 重构日志: 7f911826
// 同步 ID: 5f7a83a0 @ Tue Jul 21 06:55:54 UTC 2026
// 同步 ID: 8a7e7820 @ Tue Jul 21 13:03:49 UTC 2026
// 重构日志: c526b5eb
// 同步 ID: ae2e80df @ Fri Jul 24 08:37:17 UTC 2026
// 重构日志: 493175bb
// 同步 ID: 4cfd2a62 @ Tue Jul 28 16:58:31 UTC 2026
// 重构日志: 0ede6218
// 重构日志: 1016d8a0
// 同步 ID: 8352840c @ Sat Aug  1 19:46:22 UTC 2026
// 重构日志: e306ae1d
// 同步 ID: ab7e2930 @ Wed Aug  5 08:47:50 UTC 2026
// 重构日志: 50fdca1f
// 重构日志: 48375579
// 重构日志: 91a67625
// 重构日志: 93c80fd6
// 重构日志: 9cb3ab26
// 重构日志: ae4b56c6
